epoch_ms,setpt,requester,fan0,fan0_raw,fan0_pwm,fan0_pwm_raw,die0,die0_raw,failsafe
1786386117853,4491.8,die0,3000,3000,nan,nan,84.938,84.938,0
1786386117960,4491.8,die0,3000,3000,0.3,-1,84.938,84.938,0
1786386118053,4491.8,die0,3000,3000,0.3,-1,84.938,84.938,0
1786386118153,4491.8,die0,3000,3000,0.3,-1,84.938,84.938,0
1786386118258,4491.8,die0,3000,3000,0.3,-1,84.938,84.938,0
1786386118362,4491.8,die0,3000,3000,0.3,-1,84.938,84.938,0
1786386118453,4491.8,die0,3000,3000,0.3,-1,84.938,84.938,0
1786386118553,4491.8,die0,3000,3000,0.3,-1,84.938,84.938,0
1786386118662,4491.8,die0,3000,3000,0.3,-1,84.938,84.938,0
1786386118753,4491.8,die0,3000,3000,0.3,-1,84.938,84.938,0
1786386118855,4491.8,die0,3000,3000,0.3,-1,84.938,84.938,0
1786386118958,4591.67,die0,3000,3000,0.3,-1,84.938,84.938,0
1786386119071,4591.67,die0,3000,3000,0.3,-1,84.938,84.938,0
1786386119165,4591.67,die0,3000,3000,0.3,-1,84.938,84.938,0
1786386119263,4591.67,die0,3000,3000,0.3,-1,84.938,84.938,0
1786386119390,4591.67,die0,3000,3000,0.3,-1,84.938,84.938,0
1786386119464,4591.67,die0,3000,3000,0.3,-1,84.938,84.938,0
1786386119555,4591.67,die0,3000,3000,0.3,-1,84.938,84.938,0
1786386119653,4591.67,die0,3000,3000,0.3,-1,84.938,84.938,0
1786386119753,4591.67,die0,3000,3000,0.3,-1,84.938,84.938,0
1786386119856,4591.67,die0,3000,3000,0.3,-1,84.938,84.938,0
1786386119962,4691.55,die0,3000,3000,0.3,-1,84.938,84.938,0
1786386120053,4691.55,die0,3000,3000,0.3,-1,84.938,84.938,0
1786386120153,4691.55,die0,3000,3000,0.3,-1,84.938,84.938,0
1786386120253,4691.55,die0,3000,3000,0.3,-1,84.938,84.938,0
1786386120353,4691.55,die0,3000,3000,0.3,-1,84.938,84.938,0
1786386120453,4691.55,die0,3000,3000,0.3,-1,84.938,84.938,0
1786386120560,4691.55,die0,3000,3000,0.3,-1,84.938,84.938,0
1786386120654,4691.55,die0,3000,3000,0.3,-1,84.938,84.938,0
1786386120754,4691.55,die0,3000,3000,0.3,-1,84.938,84.938,0
1786386120853,4691.55,die0,3000,3000,0.3,-1,84.938,84.938,0
1786386120954,4791.43,die0,3000,3000,0.3,-1,84.938,84.938,0
1786386121054,4791.43,die0,3000,3000,0.3,-1,84.938,84.938,0
1786386121153,4791.43,die0,3000,3000,0.3,-1,84.938,84.938,0
1786386121253,4791.43,die0,3000,3000,0.3,-1,84.938,84.938,0
1786386121356,4791.43,die0,3000,3000,0.3,-1,84.938,84.938,0
1786386121454,4791.43,die0,3000,3000,0.3,-1,84.938,84.938,0
1786386121554,4791.43,die0,3000,3000,0.3,-1,84.938,84.938,0
1786386121653,4791.43,die0,3000,3000,0.3,-1,84.938,84.938,0
1786386121753,4791.43,die0,3000,3000,0.3,-1,84.938,84.938,0
1786386121853,4791.43,die0,3000,3000,0.3,-1,84.938,84.938,0
1786386121953,4891.31,die0,3000,3000,0.3,-1,84.938,84.938,0
1786386122053,4891.31,die0,3000,3000,0.3,-1,84.938,84.938,0
1786386122154,4891.31,die0,3000,3000,0.3,-1,84.938,84.938,0
1786386122259,4891.31,die0,3000,3000,0.3,-1,84.938,84.938,0
1786386122362,4891.31,die0,3000,3000,0.3,-1,84.938,84.938,0
1786386122453,4891.31,die0,3000,3000,0.3,-1,84.938,84.938,0
1786386122553,4891.31,die0,3000,3000,0.3,-1,84.938,84.938,0
1786386122653,4891.31,die0,3000,3000,0.3,-1,84.938,84.938,0
1786386122753,4891.31,die0,3000,3000,0.3,-1,84.938,84.938,0
1786386122854,4891.31,die0,3000,3000,0.3,-1,84.938,84.938,0
1786386122953,4991.19,die0,3000,3000,0.3,-1,84.938,84.938,0
1786386123054,4991.19,die0,3000,3000,0.3,-1,84.938,84.938,0
1786386123153,4991.19,die0,3000,3000,0.3,-1,84.938,84.938,0
1786386123256,4991.19,die0,3000,3000,0.3,-1,84.938,84.938,0
1786386123353,4991.19,die0,3000,3000,0.3,-1,84.938,84.938,0
1786386123454,4991.19,die0,3000,3000,0.3,-1,84.938,84.938,0
1786386123554,4991.19,die0,3000,3000,0.3,-1,84.938,84.938,0
1786386123654,4991.19,die0,3000,3000,0.3,-1,84.938,84.938,0
1786386123755,4991.19,die0,3000,3000,0.3,-1,84.938,84.938,0
1786386123853,4991.19,die0,3000,3000,0.3,-1,84.938,84.938,0
1786386123955,5091.07,die0,3000,3000,0.3,-1,84.938,84.938,0
1786386124053,5091.07,die0,3000,3000,0.3,-1,84.938,84.938,0
1786386124153,5091.07,die0,3000,3000,0.3,-1,84.938,84.938,0
1786386124253,5091.07,die0,3000,3000,0.3,-1,84.938,84.938,0
1786386124354,5091.07,die0,3000,3000,0.3,-1,84.938,84.938,0
1786386124454,5091.07,die0,3000,3000,0.3,-1,84.938,84.938,0
1786386124554,5091.07,die0,3000,3000,0.3,-1,84.938,84.938,0
1786386124654,5091.07,die0,3000,3000,0.3,-1,84.938,84.938,0
1786386124754,5091.07,die0,3000,3000,0.3,-1,84.938,84.938,0
1786386124854,5091.07,die0,3000,3000,0.3,-1,84.938,84.938,0
1786386124953,5190.95,die0,3000,3000,0.3,-1,84.938,84.938,0
1786386125053,5190.95,die0,3000,3000,0.3,-1,84.938,84.938,0
1786386125154,5190.95,die0,3000,3000,0.3,-1,84.938,84.938,0
1786386125254,5190.95,die0,3000,3000,0.3,-1,84.938,84.938,0
1786386125353,5190.95,die0,3000,3000,0.3,-1,84.938,84.938,0
1786386125462,5190.95,die0,3000,3000,0.3,-1,84.938,84.938,0
1786386125554,5190.95,die0,3000,3000,0.3,-1,84.938,84.938,0
1786386125653,5190.95,die0,3000,3000,0.3,-1,84.938,84.938,0
1786386125753,5190.95,die0,3000,3000,0.3,-1,84.938,84.938,0
1786386125861,5190.95,die0,3000,3000,0.3,-1,84.938,84.938,0
1786386125956,5290.83,die0,3000,3000,0.3,-1,84.938,84.938,0
1786386126054,5290.83,die0,3000,3000,0.3,-1,84.938,84.938,0
1786386126153,5290.83,die0,3000,3000,0.3,-1,84.938,84.938,0
1786386126253,5290.83,die0,3000,3000,0.3,-1,84.938,84.938,0
1786386126353,5290.83,die0,3000,3000,0.3,-1,84.938,84.938,0
1786386126455,5290.83,die0,3000,3000,0.3,-1,84.938,84.938,0
1786386126554,5290.83,die0,3000,3000,0.3,-1,84.938,84.938,0
1786386126653,5290.83,die0,3000,3000,0.3,-1,84.938,84.938,0
1786386126754,5290.83,die0,3000,3000,0.3,-1,84.938,84.938,0
1786386126854,5290.83,die0,3000,3000,0.3,-1,84.938,84.938,0
1786386126953,5390.71,die0,3000,3000,0.3,-1,84.938,84.938,0
1786386127056,5390.71,die0,3000,3000,0.3,-1,84.938,84.938,0
1786386127154,5390.71,die0,3000,3000,0.3,-1,84.938,84.938,0
1786386127254,5390.71,die0,3000,3000,0.3,-1,84.938,84.938,0
1786386127353,5390.71,die0,3000,3000,0.3,-1,84.938,84.938,0
1786386127456,5390.71,die0,3000,3000,0.3,-1,84.938,84.938,0
1786386127553,5390.71,die0,3000,3000,0.3,-1,84.938,84.938,0
1786386127653,5390.71,die0,3000,3000,0.3,-1,84.938,84.938,0
1786386127754,5390.71,die0,3000,3000,0.3,-1,84.938,84.938,0
1786386127857,5390.71,die0,3000,3000,0.3,-1,84.938,84.938,0
1786386127953,5490.59,die0,3000,3000,0.3,-1,84.938,84.938,0
1786386128053,5490.59,die0,3000,3000,0.3,-1,84.938,84.938,0
1786386128154,5490.59,die0,3000,3000,0.3,-1,84.938,84.938,0
1786386128254,5490.59,die0,3000,3000,0.3,-1,84.938,84.938,0
1786386128354,5490.59,die0,3000,3000,0.3,-1,84.938,84.938,0
1786386128456,5490.59,die0,3000,3000,0.3,-1,84.938,84.938,0
1786386128553,5490.59,die0,3000,3000,0.3,-1,84.938,84.938,0
1786386128654,5490.59,die0,3000,3000,0.3,-1,84.938,84.938,0
1786386128756,5490.59,die0,3000,3000,0.3,-1,84.938,84.938,0
1786386128854,5490.59,die0,3000,3000,0.3,-1,84.938,84.938,0
1786386128953,5590.47,die0,3000,3000,0.3,-1,84.938,84.938,0
1786386129053,5590.47,die0,3000,3000,0.3,-1,84.938,84.938,0
1786386129153,5590.47,die0,3000,3000,0.3,-1,84.938,84.938,0
1786386129253,5590.47,die0,3000,3000,0.3,-1,84.938,84.938,0
1786386129353,5590.47,die0,3000,3000,0.3,-1,84.938,84.938,0
1786386129454,5590.47,die0,3000,3000,0.3,-1,84.938,84.938,0
1786386129553,5590.47,die0,3000,3000,0.3,-1,84.938,84.938,0
1786386129653,5590.47,die0,3000,3000,0.3,-1,84.938,84.938,0
1786386129753,5590.47,die0,3000,3000,0.3,-1,84.938,84.938,0
1786386129858,5590.47,die0,3000,3000,0.3,-1,84.938,84.938,0
1786386129953,5690.35,die0,3000,3000,0.3,-1,84.938,84.938,0
1786386130061,5690.35,die0,3000,3000,0.3,-1,84.938,84.938,0
1786386130154,5690.35,die0,3000,3000,0.3,-1,84.938,84.938,0
1786386130253,5690.35,die0,3000,3000,0.3,-1,84.938,84.938,0
1786386130353,5690.35,die0,3000,3000,0.3,-1,84.938,84.938,0
1786386130453,5690.35,die0,3000,3000,0.3,-1,84.938,84.938,0
1786386130559,5690.35,die0,3000,3000,0.3,-1,84.938,84.938,0
1786386130653,5690.35,die0,3000,3000,0.3,-1,84.938,84.938,0
1786386130753,5690.35,die0,3000,3000,0.3,-1,84.938,84.938,0
1786386130853,5690.35,die0,3000,3000,0.3,-1,84.938,84.938,0
1786386130954,5790.23,die0,3000,3000,0.3,-1,84.938,84.938,0
1786386131054,5790.23,die0,3000,3000,0.3,-1,84.938,84.938,0
1786386131154,5790.23,die0,3000,3000,0.3,-1,84.938,84.938,0
1786386131254,5790.23,die0,3000,3000,0.3,-1,84.938,84.938,0
1786386131354,5790.23,die0,3000,3000,0.3,-1,84.938,84.938,0
1786386131453,5790.23,die0,3000,3000,0.3,-1,84.938,84.938,0
1786386131553,5790.23,die0,3000,3000,0.3,-1,84.938,84.938,0
1786386131654,5790.23,die0,3000,3000,0.3,-1,84.938,84.938,0
1786386131754,5790.23,die0,3000,3000,0.3,-1,84.938,84.938,0
1786386131854,5790.23,die0,3000,3000,0.3,-1,84.938,84.938,0
1786386131962,5890.11,die0,3000,3000,0.3,-1,84.938,84.938,0
1786386132053,5890.11,die0,3000,3000,0.3,-1,84.938,84.938,0
1786386132153,5890.11,die0,3000,3000,0.3,-1,84.938,84.938,0
1786386132254,5890.11,die0,3000,3000,0.3,-1,84.938,84.938,0
1786386132353,5890.11,die0,3000,3000,0.3,-1,84.938,84.938,0
1786386132453,5890.11,die0,3000,3000,0.3,-1,84.938,84.938,0
1786386132558,5890.11,die0,3000,3000,0.3,-1,84.938,84.938,0
1786386132653,5890.11,die0,3000,3000,0.3,-1,84.938,84.938,0
1786386132753,5890.11,die0,3000,3000,0.3,-1,84.938,84.938,0
1786386132853,5890.11,die0,3000,3000,0.3,-1,84.938,84.938,0
1786386132954,5989.99,die0,3000,3000,0.3,-1,84.938,84.938,0
1786386133053,5989.99,die0,3000,3000,0.3,-1,84.938,84.938,0
1786386133153,5989.99,die0,3000,3000,0.3,-1,84.938,84.938,0
1786386133254,5989.99,die0,3000,3000,0.3,-1,84.938,84.938,0
1786386133354,5989.99,die0,3000,3000,0.3,-1,84.938,84.938,0
1786386133454,5989.99,die0,3000,3000,0.3,-1,84.938,84.938,0
1786386133554,5989.99,die0,3000,3000,0.3,-1,84.938,84.938,0
1786386133653,5989.99,die0,3000,3000,0.3,-1,84.938,84.938,0
1786386133753,5989.99,die0,3000,3000,0.3,-1,84.938,84.938,0
1786386133854,5989.99,die0,3000,3000,0.3,-1,84.938,84.938,0
1786386133955,6089.87,die0,3000,3000,0.3,-1,84.938,84.938,0
1786386134053,6089.87,die0,3000,3000,0.3,-1,84.938,84.938,0
1786386134153,6089.87,die0,3000,3000,0.3,-1,84.938,84.938,0
1786386134253,6089.87,die0,3000,3000,0.3,-1,84.938,84.938,0
1786386134353,6089.87,die0,3000,3000,0.3,-1,84.938,84.938,0
1786386134454,6089.87,die0,3000,3000,0.3,-1,84.938,84.938,0
1786386134559,6089.87,die0,3000,3000,0.3,-1,84.938,84.938,0
1786386134653,6089.87,die0,3000,3000,0.3,-1,84.938,84.938,0
1786386134754,6089.87,die0,3000,3000,0.3,-1,84.938,84.938,0
1786386134853,6089.87,die0,3000,3000,0.3,-1,84.938,84.938,0
1786386134953,6189.75,die0,3000,3000,0.3,-1,84.938,84.938,0
1786386135053,6189.75,die0,3000,3000,0.3,-1,84.938,84.938,0
1786386135154,6189.75,die0,3000,3000,0.3,-1,84.938,84.938,0
1786386135254,6189.75,die0,3000,3000,0.3,-1,84.938,84.938,0
1786386135354,6189.75,die0,3000,3000,0.3,-1,84.938,84.938,0
1786386135454,6189.75,die0,3000,3000,0.3,-1,84.938,84.938,0
1786386135554,6189.75,die0,3000,3000,0.3,-1,84.938,84.938,0
1786386135654,6189.75,die0,3000,3000,0.3,-1,84.938,84.938,0
1786386135753,6189.75,die0,3000,3000,0.3,-1,84.938,84.938,0
1786386135854,6189.75,die0,3000,3000,0.3,-1,84.938,84.938,0
1786386135954,6289.63,die0,3000,3000,0.3,-1,84.938,84.938,0
1786386136053,6289.63,die0,3000,3000,0.3,-1,84.938,84.938,0
1786386136153,6289.63,die0,3000,3000,0.3,-1,84.938,84.938,0
1786386136253,6289.63,die0,3000,3000,0.3,-1,84.938,84.938,0
1786386136356,6289.63,die0,3000,3000,0.3,-1,84.938,84.938,0
1786386136453,6289.63,die0,3000,3000,0.3,-1,84.938,84.938,0
1786386136553,6289.63,die0,3000,3000,0.3,-1,84.938,84.938,0
1786386136655,6289.63,die0,3000,3000,0.3,-1,84.938,84.938,0
1786386136753,6289.63,die0,3000,3000,0.3,-1,84.938,84.938,0
1786386136853,6289.63,die0,3000,3000,0.3,-1,84.938,84.938,0
1786386136956,6389.51,die0,3000,3000,0.3,-1,84.938,84.938,0
1786386137058,6389.51,die0,3000,3000,0.3,-1,84.938,84.938,0
1786386137153,6389.51,die0,3000,3000,0.3,-1,84.938,84.938,0
1786386137253,6389.51,die0,3000,3000,0.3,-1,84.938,84.938,0
1786386137354,6389.51,die0,3000,3000,0.3,-1,84.938,84.938,0
1786386137454,6389.51,die0,3000,3000,0.3,-1,84.938,84.938,0
1786386137553,6389.51,die0,3000,3000,0.3,-1,84.938,84.938,0
1786386137654,6389.51,die0,3000,3000,0.3,-1,84.938,84.938,0
1786386137754,6389.51,die0,3000,3000,0.3,-1,84.938,84.938,0
1786386137857,6389.51,die0,3000,3000,0.3,-1,84.938,84.938,0
1786386137954,6489.39,die0,3000,3000,0.3,-1,84.938,84.938,0
1786386138053,6489.39,die0,3000,3000,0.3,-1,84.938,84.938,0
1786386138153,6489.39,die0,3000,3000,0.3,-1,84.938,84.938,0
1786386138253,6489.39,die0,3000,3000,0.3,-1,84.938,84.938,0
1786386138356,6489.39,die0,3000,3000,0.3,-1,84.938,84.938,0
1786386138453,6489.39,die0,3000,3000,0.3,-1,84.938,84.938,0
1786386138553,6489.39,die0,3000,3000,0.3,-1,84.938,84.938,0
1786386138653,6489.39,die0,3000,3000,0.3,-1,84.938,84.938,0
1786386138753,6489.39,die0,3000,3000,0.3,-1,84.938,84.938,0
1786386138858,6489.39,die0,3000,3000,0.3,-1,84.938,84.938,0
1786386138954,6589.27,die0,3000,3000,0.3,-1,84.938,84.938,0
1786386139056,6589.27,die0,3000,3000,0.3,-1,84.938,84.938,0
1786386139154,6589.27,die0,3000,3000,0.3,-1,84.938,84.938,0
1786386139254,6589.27,die0,3000,3000,0.3,-1,84.938,84.938,0
1786386139356,6589.27,die0,3000,3000,0.3,-1,84.938,84.938,0
1786386139453,6589.27,die0,3000,3000,0.3,-1,84.938,84.938,0
1786386139554,6589.27,die0,3000,3000,0.3,-1,84.938,84.938,0
1786386139654,6589.27,die0,3000,3000,0.3,-1,84.938,84.938,0
1786386139754,6589.27,die0,3000,3000,0.3,-1,84.938,84.938,0
1786386139854,6589.27,die0,3000,3000,0.3,-1,84.938,84.938,0
1786386139953,6689.15,die0,3000,3000,0.3,-1,84.938,84.938,0
1786386140054,6689.15,die0,3000,3000,0.3,-1,84.938,84.938,0
1786386140154,6689.15,die0,3000,3000,0.3,-1,84.938,84.938,0
1786386140254,6689.15,die0,3000,3000,0.3,-1,84.938,84.938,0
1786386140354,6689.15,die0,3000,3000,0.3,-1,84.938,84.938,0
1786386140453,6689.15,die0,3000,3000,0.3,-1,84.938,84.938,0
1786386140554,6689.15,die0,3000,3000,0.3,-1,84.938,84.938,0
1786386140653,6689.15,die0,3000,3000,0.3,-1,84.938,84.938,0
1786386140753,6689.15,die0,3000,3000,0.3,-1,84.938,84.938,0
1786386140853,6689.15,die0,3000,3000,0.3,-1,84.938,84.938,0
1786386140953,6789.03,die0,3000,3000,0.3,-1,84.938,84.938,0
1786386141053,6789.03,die0,3000,3000,0.3,-1,84.938,84.938,0
1786386141153,6789.03,die0,3000,3000,0.3,-1,84.938,84.938,0
1786386141254,6789.03,die0,3000,3000,0.3,-1,84.938,84.938,0
1786386141353,6789.03,die0,3000,3000,0.3,-1,84.938,84.938,0
1786386141462,6789.03,die0,3000,3000,0.3,-1,84.938,84.938,0
1786386141553,6789.03,die0,3000,3000,0.3,-1,84.938,84.938,0
1786386141654,6789.03,die0,3000,3000,0.3,-1,84.938,84.938,0
1786386141753,6789.03,die0,3000,3000,0.3,-1,84.938,84.938,0
1786386141854,6789.03,die0,3000,3000,0.3,-1,84.938,84.938,0
1786386141955,6888.91,die0,3000,3000,0.3,-1,84.938,84.938,0
1786386142054,6888.91,die0,3000,3000,0.3,-1,84.938,84.938,0
1786386142153,6888.91,die0,3000,3000,0.3,-1,84.938,84.938,0
1786386142253,6888.91,die0,3000,3000,0.3,-1,84.938,84.938,0
1786386142354,6888.91,die0,3000,3000,0.3,-1,84.938,84.938,0
1786386142454,6888.91,die0,3000,3000,0.3,-1,84.938,84.938,0
1786386142553,6888.91,die0,3000,3000,0.3,-1,84.938,84.938,0
1786386142653,6888.91,die0,3000,3000,0.3,-1,84.938,84.938,0
1786386142753,6888.91,die0,3000,3000,0.3,-1,84.938,84.938,0
1786386142856,6888.91,die0,3000,3000,0.3,-1,84.938,84.938,0
1786386142953,6988.79,die0,3000,3000,0.3,-1,84.938,84.938,0
1786386143053,6988.79,die0,3000,3000,0.3,-1,84.938,84.938,0
1786386143153,6988.79,die0,3000,3000,0.3,-1,84.938,84.938,0
1786386143253,6988.79,die0,3000,3000,0.3,-1,84.938,84.938,0
1786386143354,6988.79,die0,3000,3000,0.3,-1,84.938,84.938,0
1786386143453,6988.79,die0,3000,3000,0.3,-1,84.938,84.938,0
1786386143555,6988.79,die0,3000,3000,0.3,-1,84.938,84.938,0
1786386143653,6988.79,die0,3000,3000,0.3,-1,84.938,84.938,0
1786386143753,6988.79,die0,3000,3000,0.3,-1,84.938,84.938,0
1786386143853,6988.79,die0,3000,3000,0.3,-1,84.938,84.938,0
1786386143954,7088.67,die0,3000,3000,0.3,-1,84.938,84.938,0
1786386144054,7088.67,die0,3000,3000,0.3,-1,84.938,84.938,0
1786386144153,7088.67,die0,3000,3000,0.3,-1,84.938,84.938,0
1786386144254,7088.67,die0,3000,3000,0.3,-1,84.938,84.938,0
1786386144354,7088.67,die0,3000,3000,0.3,-1,84.938,84.938,0
1786386144454,7088.67,die0,3000,3000,0.3,-1,84.938,84.938,0
1786386144553,7088.67,die0,3000,3000,0.3,-1,84.938,84.938,0
1786386144653,7088.67,die0,3000,3000,0.3,-1,84.938,84.938,0
1786386144754,7088.67,die0,3000,3000,0.3,-1,84.938,84.938,0
1786386144855,7088.67,die0,3000,3000,0.3,-1,84.938,84.938,0
1786386144954,7188.55,die0,3000,3000,0.3,-1,84.938,84.938,0
1786386145054,7188.55,die0,3000,3000,0.3,-1,84.938,84.938,0
1786386145162,7188.55,die0,3000,3000,0.3,-1,84.938,84.938,0
1786386145253,7188.55,die0,3000,3000,0.3,-1,84.938,84.938,0
1786386145353,7188.55,die0,3000,3000,0.3,-1,84.938,84.938,0
1786386145453,7188.55,die0,3000,3000,0.3,-1,84.938,84.938,0
1786386145553,7188.55,die0,3000,3000,0.3,-1,84.938,84.938,0
1786386145653,7188.55,die0,3000,3000,0.3,-1,84.938,84.938,0
1786386145753,7188.55,die0,3000,3000,0.3,-1,84.938,84.938,0
1786386145853,7188.55,die0,3000,3000,0.3,-1,84.938,84.938,0
1786386145954,7288.43,die0,3000,3000,0.3,-1,84.938,84.938,0
1786386146053,7288.43,die0,3000,3000,0.3,-1,84.938,84.938,0
1786386146153,7288.43,die0,3000,3000,0.3,-1,84.938,84.938,0
1786386146253,7288.43,die0,3000,3000,0.3,-1,84.938,84.938,0
1786386146353,7288.43,die0,3000,3000,0.3,-1,84.938,84.938,0
1786386146453,7288.43,die0,3000,3000,0.3,-1,84.938,84.938,0
1786386154258,7288.43,die0,3000,3000,0.3,-1,84.938,84.938,0
1786386154358,7288.43,die0,3000,3000,0.3,-1,84.938,84.938,0
1786386154458,7288.43,die0,3000,3000,0.3,-1,84.938,84.938,0
1786386154558,7288.43,die0,3000,3000,0.3,-1,84.938,84.938,0
1786386154659,7388.31,die0,3000,3000,0.3,-1,84.938,84.938,0
1786386154762,7388.31,die0,3000,3000,0.3,-1,84.938,84.938,0
1786386154859,7388.31,die0,3000,3000,0.3,-1,84.938,84.938,0
1786386154958,7388.31,die0,3000,3000,0.3,-1,84.938,84.938,0
1786386155060,7388.31,die0,3000,3000,0.3,-1,84.938,84.938,0
1786386155163,7388.31,die0,3000,3000,0.3,-1,84.938,84.938,0
1786386155258,7388.31,die0,3000,3000,0.3,-1,84.938,84.938,0
1786386155358,7388.31,die0,3000,3000,0.3,-1,84.938,84.938,0
1786386155458,7388.31,die0,3000,3000,0.3,-1,84.938,84.938,0
1786386155558,7388.31,die0,3000,3000,0.3,-1,84.938,84.938,0
1786386155658,7488.19,die0,3000,3000,0.3,-1,84.938,84.938,0
1786386155758,7488.19,die0,3000,3000,0.3,-1,84.938,84.938,0
1786386155858,7488.19,die0,3000,3000,0.3,-1,84.938,84.938,0
1786386155960,7488.19,die0,3000,3000,0.3,-1,84.938,84.938,0
1786386156058,7488.19,die0,3000,3000,0.3,-1,84.938,84.938,0
1786386156158,7488.19,die0,3000,3000,0.3,-1,84.938,84.938,0
1786386156258,7488.19,die0,3000,3000,0.3,-1,84.938,84.938,0
1786386156359,7488.19,die0,3000,3000,0.3,-1,84.938,84.938,0
1786386156459,7488.19,die0,3000,3000,0.3,-1,84.938,84.938,0
1786386156558,7488.19,die0,3000,3000,0.3,-1,84.938,84.938,0
1786386156659,7588.07,die0,3000,3000,0.3,-1,84.938,84.938,0
1786386156758,7588.07,die0,3000,3000,0.3,-1,84.938,84.938,0
1786386156858,7588.07,die0,3000,3000,0.3,-1,84.938,84.938,0
1786386156960,7588.07,die0,3000,3000,0.3,-1,84.938,84.938,0
1786386157058,7588.07,die0,3000,3000,0.3,-1,84.938,84.938,0
1786386157159,7588.07,die0,3000,3000,0.3,-1,84.938,84.938,0
1786386157258,7588.07,die0,3000,3000,0.3,-1,84.938,84.938,0
1786386157358,7588.07,die0,3000,3000,0.3,-1,84.938,84.938,0
1786386157458,7588.07,die0,3000,3000,0.3,-1,84.938,84.938,0
1786386157559,7588.07,die0,3000,3000,0.3,-1,84.938,84.938,0
1786386157666,7687.95,die0,3000,3000,0.3,-1,84.938,84.938,0
1786386157758,7687.95,die0,3000,3000,0.3,-1,84.938,84.938,0
1786386157858,7687.95,die0,3000,3000,0.3,-1,84.938,84.938,0
1786386157958,7687.95,die0,3000,3000,0.3,-1,84.938,84.938,0
1786386158058,7687.95,die0,3000,3000,0.3,-1,84.938,84.938,0
1786386158158,7687.95,die0,3000,3000,0.3,-1,84.938,84.938,0
1786386158259,7687.95,die0,3000,3000,0.3,-1,84.938,84.938,0
1786386158358,7687.95,die0,3000,3000,0.3,-1,84.938,84.938,0
1786386158458,7687.95,die0,3000,3000,0.3,-1,84.938,84.938,0
1786386158558,7687.95,die0,3000,3000,0.3,-1,84.938,84.938,0
1786386158658,7787.83,die0,3000,3000,0.3,-1,84.938,84.938,0
1786386158758,7787.83,die0,3000,3000,0.3,-1,84.938,84.938,0
1786386158858,7787.83,die0,3000,3000,0.3,-1,84.938,84.938,0
1786386158958,7787.83,die0,3000,3000,0.3,-1,84.938,84.938,0
1786386159062,7787.83,die0,3000,3000,0.3,-1,84.938,84.938,0
1786386159158,7787.83,die0,3000,3000,0.3,-1,84.938,84.938,0
1786386159259,7787.83,die0,3000,3000,0.3,-1,84.938,84.938,0
1786386159358,7787.83,die0,3000,3000,0.3,-1,84.938,84.938,0
1786386159460,7787.83,die0,3000,3000,0.3,-1,84.938,84.938,0
1786386159558,7787.83,die0,3000,3000,0.3,-1,84.938,84.938,0
1786386159658,7887.71,die0,3000,3000,0.3,-1,84.938,84.938,0
1786386159758,7887.71,die0,3000,3000,0.3,-1,84.938,84.938,0
1786386159858,7887.71,die0,3000,3000,0.3,-1,84.938,84.938,0
1786386159965,7887.71,die0,3000,3000,0.3,-1,84.938,84.938,0
1786386160059,7887.71,die0,3000,3000,0.3,-1,84.938,84.938,0
1786386160158,7887.71,die0,3000,3000,0.3,-1,84.938,84.938,0
1786386160258,7887.71,die0,3000,3000,0.3,-1,84.938,84.938,0
1786386160358,7887.71,die0,3000,3000,0.3,-1,84.938,84.938,0
1786386160458,7887.71,die0,3000,3000,0.3,-1,84.938,84.938,0
1786386160559,7887.71,die0,3000,3000,0.3,-1,84.938,84.938,0
1786386160658,7987.59,die0,3000,3000,0.3,-1,84.938,84.938,0
1786386160758,7987.59,die0,3000,3000,0.3,-1,84.938,84.938,0
1786386160858,7987.59,die0,3000,3000,0.3,-1,84.938,84.938,0
1786386160958,7987.59,die0,3000,3000,0.3,-1,84.938,84.938,0
1786386161058,7987.59,die0,3000,3000,0.3,-1,84.938,84.938,0
1786386161159,7987.59,die0,3000,3000,0.3,-1,84.938,84.938,0
1786386161258,7987.59,die0,3000,3000,0.3,-1,84.938,84.938,0
1786386161358,7987.59,die0,3000,3000,0.3,-1,84.938,84.938,0
1786386161458,7987.59,die0,3000,3000,0.3,-1,84.938,84.938,0
1786386161558,7987.59,die0,3000,3000,0.3,-1,84.938,84.938,0
1786386161658,8087.47,die0,3000,3000,0.3,-1,84.938,84.938,0
1786386161758,8087.47,die0,3000,3000,0.3,-1,84.938,84.938,0
1786386161858,8087.47,die0,3000,3000,0.3,-1,84.938,84.938,0
1786386161958,8087.47,die0,3000,3000,0.3,-1,84.938,84.938,0
1786386162058,8087.47,die0,3000,3000,0.3,-1,84.938,84.938,0
1786386162158,8087.47,die0,3000,3000,0.3,-1,84.938,84.938,0
1786386162258,8087.47,die0,3000,3000,0.3,-1,84.938,84.938,0
1786386162358,8087.47,die0,3000,3000,0.3,-1,84.938,84.938,0
1786386162458,8087.47,die0,3000,3000,0.3,-1,84.938,84.938,0
1786386162558,8087.47,die0,3000,3000,0.3,-1,84.938,84.938,0
1786386162658,8187.35,die0,3000,3000,0.3,-1,84.938,84.938,0
1786386162758,8187.35,die0,3000,3000,0.3,-1,84.938,84.938,0
1786386162859,8187.35,die0,3000,3000,0.3,-1,84.938,84.938,0
1786386162958,8187.35,die0,3000,3000,0.3,-1,84.938,84.938,0
1786386163058,8187.35,die0,3000,3000,0.3,-1,84.938,84.938,0
1786386163158,8187.35,die0,3000,3000,0.3,-1,84.938,84.938,0
1786386163259,8187.35,die0,3000,3000,0.3,-1,84.938,84.938,0
1786386163358,8187.35,die0,3000,3000,0.3,-1,84.938,84.938,0
1786386163458,8187.35,die0,3000,3000,0.3,-1,84.938,84.938,0
1786386163558,8187.35,die0,3000,3000,0.3,-1,84.938,84.938,0
1786386163658,8287.23,die0,3000,3000,0.3,-1,84.938,84.938,0
1786386163758,8287.23,die0,3000,3000,0.3,-1,84.938,84.938,0
1786386163858,8287.23,die0,3000,3000,0.3,-1,84.938,84.938,0
1786386163958,8287.23,die0,3000,3000,0.3,-1,84.938,84.938,0
1786386164058,8287.23,die0,3000,3000,0.3,-1,84.938,84.938,0
1786386164165,8287.23,die0,3000,3000,0.3,-1,84.938,84.938,0
1786386164258,8287.23,die0,3000,3000,0.3,-1,84.938,84.938,0
1786386164358,8287.23,die0,3000,3000,0.3,-1,84.938,84.938,0
1786386164459,8287.23,die0,3000,3000,0.3,-1,84.938,84.938,0
1786386164558,8287.23,die0,3000,3000,0.3,-1,84.938,84.938,0
1786386164658,8387.11,die0,3000,3000,0.3,-1,84.938,84.938,0
1786386164758,8387.11,die0,3000,3000,0.3,-1,84.938,84.938,0
1786386164859,8387.11,die0,3000,3000,0.3,-1,84.938,84.938,0
1786386164958,8387.11,die0,3000,3000,0.3,-1,84.938,84.938,0
1786386165058,8387.11,die0,3000,3000,0.3,-1,84.938,84.938,0
1786386165158,8387.11,die0,3000,3000,0.3,-1,84.938,84.938,0
1786386165258,8387.11,die0,3000,3000,0.3,-1,84.938,84.938,0
1786386165358,8387.11,die0,3000,3000,0.3,-1,84.938,84.938,0
1786386165460,8387.11,die0,3000,3000,0.3,-1,84.938,84.938,0
1786386165558,8387.11,die0,3000,3000,0.3,-1,84.938,84.938,0
1786386165658,8486.99,die0,3000,3000,0.3,-1,84.938,84.938,0
1786386165765,8486.99,die0,3000,3000,0.3,-1,84.938,84.938,0
1786386165858,8486.99,die0,3000,3000,0.3,-1,84.938,84.938,0
1786386165958,8486.99,die0,3000,3000,0.3,-1,84.938,84.938,0
1786386166058,8486.99,die0,3000,3000,0.3,-1,84.938,84.938,0
1786386166167,8486.99,die0,3000,3000,0.3,-1,84.938,84.938,0
1786386166262,8486.99,die0,3000,3000,0.3,-1,84.938,84.938,0
1786386166358,8486.99,die0,3000,3000,0.3,-1,84.938,84.938,0
1786386166458,8486.99,die0,3000,3000,0.3,-1,84.938,84.938,0
1786386166558,8486.99,die0,3000,3000,0.3,-1,84.938,84.938,0
1786386166658,8586.87,die0,3000,3000,0.3,-1,84.938,84.938,0
1786386166758,8586.87,die0,3000,3000,0.3,-1,84.938,84.938,0
1786386166858,8586.87,die0,3000,3000,0.3,-1,84.938,84.938,0
1786386166958,8586.87,die0,3000,3000,0.3,-1,84.938,84.938,0
1786386167058,8586.87,die0,3000,3000,0.3,-1,84.938,84.938,0
1786386167160,8586.87,die0,3000,3000,0.3,-1,84.938,84.938,0
1786386167258,8586.87,die0,3000,3000,0.3,-1,84.938,84.938,0
1786386167358,8586.87,die0,3000,3000,0.3,-1,84.938,84.938,0
1786386167459,8586.87,die0,3000,3000,0.3,-1,84.938,84.938,0
1786386167558,8586.87,die0,3000,3000,0.3,-1,84.938,84.938,0
1786386167658,8686.75,die0,3000,3000,0.3,-1,84.938,84.938,0
1786386167766,8686.75,die0,3000,3000,0.3,-1,84.938,84.938,0
1786386167858,8686.75,die0,3000,3000,0.3,-1,84.938,84.938,0
1786386167958,8686.75,die0,3000,3000,0.3,-1,84.938,84.938,0
1786386168058,8686.75,die0,3000,3000,0.3,-1,84.938,84.938,0
1786386168158,8686.75,die0,3000,3000,0.3,-1,84.938,84.938,0
1786386168259,8686.75,die0,3000,3000,0.3,-1,84.938,84.938,0
1786386168358,8686.75,die0,3000,3000,0.3,-1,84.938,84.938,0
1786386168458,8686.75,die0,3000,3000,0.3,-1,84.938,84.938,0
1786386168567,8686.75,die0,3000,3000,0.3,-1,84.938,84.938,0
1786386168658,8786.63,die0,3000,3000,0.3,-1,84.938,84.938,0
1786386168758,8786.63,die0,3000,3000,0.3,-1,84.938,84.938,0
1786386168858,8786.63,die0,3000,3000,0.3,-1,84.938,84.938,0
1786386168958,8786.63,die0,3000,3000,0.3,-1,84.938,84.938,0
1786386169058,8786.63,die0,3000,3000,0.3,-1,84.938,84.938,0
1786386169163,8786.63,die0,3000,3000,0.3,-1,84.938,84.938,0
1786386169258,8786.63,die0,3000,3000,0.3,-1,84.938,84.938,0
1786386169358,8786.63,die0,3000,3000,0.3,-1,84.938,84.938,0
1786386169459,8786.63,die0,3000,3000,0.3,-1,84.938,84.938,0
1786386169559,8786.63,die0,3000,3000,0.3,-1,84.938,84.938,0
1786386169658,8886.51,die0,3000,3000,0.3,-1,84.938,84.938,0
1786386169758,8886.51,die0,3000,3000,0.3,-1,84.938,84.938,0
1786386169858,8886.51,die0,3000,3000,0.3,-1,84.938,84.938,0
1786386169958,8886.51,die0,3000,3000,0.3,-1,84.938,84.938,0
1786386170058,8886.51,die0,3000,3000,0.3,-1,84.938,84.938,0
1786386170159,8886.51,die0,3000,3000,0.3,-1,84.938,84.938,0
1786386170258,8886.51,die0,3000,3000,0.3,-1,84.938,84.938,0
1786386170359,8886.51,die0,3000,3000,0.3,-1,84.938,84.938,0
1786386170458,8886.51,die0,3000,3000,0.3,-1,84.938,84.938,0
1786386170558,8886.51,die0,3000,3000,0.3,-1,84.938,84.938,0
1786386170658,8986.39,die0,3000,3000,0.3,-1,84.938,84.938,0
1786386170758,8986.39,die0,3000,3000,0.3,-1,84.938,84.938,0
1786386170858,8986.39,die0,3000,3000,0.3,-1,84.938,84.938,0
1786386170958,8986.39,die0,3000,3000,0.3,-1,84.938,84.938,0
1786386171058,8986.39,die0,3000,3000,0.3,-1,84.938,84.938,0
1786386171158,8986.39,die0,3000,3000,0.3,-1,84.938,84.938,0
1786386171259,8986.39,die0,3000,3000,0.3,-1,84.938,84.938,0
1786386171358,8986.39,die0,3000,3000,0.3,-1,84.938,84.938,0
1786386171458,8986.39,die0,3000,3000,0.3,-1,84.938,84.938,0
1786386171558,8986.39,die0,3000,3000,0.3,-1,84.938,84.938,0
1786386171658,9086.27,die0,3000,3000,0.3,-1,84.938,84.938,0
1786386171758,9086.27,die0,3000,3000,0.3,-1,84.938,84.938,0
1786386171859,9086.27,die0,3000,3000,0.3,-1,84.938,84.938,0
1786386171959,9086.27,die0,3000,3000,0.3,-1,84.938,84.938,0
1786386172061,9086.27,die0,3000,3000,0.3,-1,84.938,84.938,0
1786386172158,9086.27,die0,3000,3000,0.3,-1,84.938,84.938,0
1786386172258,9086.27,die0,3000,3000,0.3,-1,84.938,84.938,0
1786386172367,9086.27,die0,3000,3000,0.3,-1,84.938,84.938,0
1786386172458,9086.27,die0,3000,3000,0.3,-1,84.938,84.938,0
1786386172559,9086.27,die0,3000,3000,0.3,-1,84.938,84.938,0
1786386172658,9186.15,die0,3000,3000,0.3,-1,84.938,84.938,0
1786386172762,9186.15,die0,3000,3000,0.3,-1,84.938,84.938,0
1786386172858,9186.15,die0,3000,3000,0.3,-1,84.938,84.938,0
1786386172958,9186.15,die0,3000,3000,0.3,-1,84.938,84.938,0
1786386173058,9186.15,die0,3000,3000,0.3,-1,84.938,84.938,0
1786386173158,9186.15,die0,3000,3000,0.3,-1,84.938,84.938,0
1786386173259,9186.15,die0,3000,3000,0.3,-1,84.938,84.938,0
1786386173358,9186.15,die0,3000,3000,0.3,-1,84.938,84.938,0
1786386173458,9186.15,die0,3000,3000,0.3,-1,84.938,84.938,0
1786386173558,9186.15,die0,3000,3000,0.3,-1,84.938,84.938,0
1786386173659,9286.03,die0,3000,3000,0.3,-1,84.938,84.938,0
1786386173758,9286.03,die0,3000,3000,0.3,-1,84.938,84.938,0
1786386173858,9286.03,die0,3000,3000,0.3,-1,84.938,84.938,0
1786386173958,9286.03,die0,3000,3000,0.3,-1,84.938,84.938,0
1786386174058,9286.03,die0,3000,3000,0.3,-1,84.938,84.938,0
1786386174165,9286.03,die0,3000,3000,0.3,-1,84.938,84.938,0
1786386174258,9286.03,die0,3000,3000,0.3,-1,84.938,84.938,0
1786386174367,9286.03,die0,3000,3000,0.3,-1,84.938,84.938,0
1786386174458,9286.03,die0,3000,3000,0.3,-1,84.938,84.938,0
1786386174559,9286.03,die0,3000,3000,0.3,-1,84.938,84.938,0
1786386174658,9385.91,die0,3000,3000,0.3,-1,84.938,84.938,0
1786386174758,9385.91,die0,3000,3000,0.3,-1,84.938,84.938,0
1786386174858,9385.91,die0,3000,3000,0.3,-1,84.938,84.938,0
1786386174958,9385.91,die0,3000,3000,0.3,-1,84.938,84.938,0
1786386175058,9385.91,die0,3000,3000,0.3,-1,84.938,84.938,0
1786386175158,9385.91,die0,3000,3000,0.3,-1,84.938,84.938,0
1786386175258,9385.91,die0,3000,3000,0.3,-1,84.938,84.938,0
1786386175358,9385.91,die0,3000,3000,0.3,-1,84.938,84.938,0
1786386175458,9385.91,die0,3000,3000,0.3,-1,84.938,84.938,0
1786386175559,9385.91,die0,3000,3000,0.3,-1,84.938,84.938,0
1786386175658,9485.79,die0,3000,3000,0.3,-1,84.938,84.938,0
1786386175758,9485.79,die0,3000,3000,0.3,-1,84.938,84.938,0
1786386175858,9485.79,die0,3000,3000,0.3,-1,84.938,84.938,0
1786386175958,9485.79,die0,3000,3000,0.3,-1,84.938,84.938,0
1786386176058,9485.79,die0,3000,3000,0.3,-1,84.938,84.938,0
1786386176158,9485.79,die0,3000,3000,0.3,-1,84.938,84.938,0
1786386176258,9485.79,die0,3000,3000,0.3,-1,84.938,84.938,0
1786386176358,9485.79,die0,3000,3000,0.3,-1,84.938,84.938,0
1786386176462,9485.79,die0,3000,3000,0.3,-1,84.938,84.938,0
1786386176558,9485.79,die0,3000,3000,0.3,-1,84.938,84.938,0
1786386176658,9585.67,die0,3000,3000,0.3,-1,84.938,84.938,0
1786386176764,9585.67,die0,3000,3000,0.3,-1,84.938,84.938,0
1786386176858,9585.67,die0,3000,3000,0.3,-1,84.938,84.938,0
1786386176958,9585.67,die0,3000,3000,0.3,-1,84.938,84.938,0
1786386177058,9585.67,die0,3000,3000,0.3,-1,84.938,84.938,0
1786386177158,9585.67,die0,3000,3000,0.3,-1,84.938,84.938,0
1786386177258,9585.67,die0,3000,3000,0.3,-1,84.938,84.938,0
1786386177358,9585.67,die0,3000,3000,0.3,-1,84.938,84.938,0
1786386177458,9585.67,die0,3000,3000,0.3,-1,84.938,84.938,0
1786386177558,9585.67,die0,3000,3000,0.3,-1,84.938,84.938,0
1786386177660,9685.55,die0,3000,3000,0.3,-1,84.938,84.938,0
1786386177758,9685.55,die0,3000,3000,0.3,-1,84.938,84.938,0
1786386177858,9685.55,die0,3000,3000,0.3,-1,84.938,84.938,0
1786386177958,9685.55,die0,3000,3000,0.3,-1,84.938,84.938,0
1786386178058,9685.55,die0,3000,3000,0.3,-1,84.938,84.938,0
1786386178159,9685.55,die0,3000,3000,0.3,-1,84.938,84.938,0
1786386178258,9685.55,die0,3000,3000,0.3,-1,84.938,84.938,0
1786386178358,9685.55,die0,3000,3000,0.3,-1,84.938,84.938,0
1786386178458,9685.55,die0,3000,3000,0.3,-1,84.938,84.938,0
1786386178558,9685.55,die0,3000,3000,0.3,-1,84.938,84.938,0
1786386178658,9785.43,die0,3000,3000,0.3,-1,84.938,84.938,0
1786386178758,9785.43,die0,3000,3000,0.3,-1,84.938,84.938,0
1786386178867,9785.43,die0,3000,3000,0.3,-1,84.938,84.938,0
1786386178958,9785.43,die0,3000,3000,0.3,-1,84.938,84.938,0
1786386179058,9785.43,die0,3000,3000,0.3,-1,84.938,84.938,0
1786386179158,9785.43,die0,3000,3000,0.3,-1,84.938,84.938,0
1786386179258,9785.43,die0,3000,3000,0.3,-1,84.938,84.938,0
1786386179358,9785.43,die0,3000,3000,0.3,-1,84.938,84.938,0
1786386179462,9785.43,die0,3000,3000,0.3,-1,84.938,84.938,0
1786386179558,9785.43,die0,3000,3000,0.3,-1,84.938,84.938,0
1786386179658,9885.31,die0,3000,3000,0.3,-1,84.938,84.938,0
1786386179758,9885.31,die0,3000,3000,0.3,-1,84.938,84.938,0
1786386179858,9885.31,die0,3000,3000,0.3,-1,84.938,84.938,0
1786386179958,9885.31,die0,3000,3000,0.3,-1,84.938,84.938,0
1786386180058,9885.31,die0,3000,3000,0.3,-1,84.938,84.938,0
1786386180158,9885.31,die0,3000,3000,0.3,-1,84.938,84.938,0
1786386180258,9885.31,die0,3000,3000,0.3,-1,84.938,84.938,0
1786386180358,9885.31,die0,3000,3000,0.3,-1,84.938,84.938,0
1786386180458,9885.31,die0,3000,3000,0.3,-1,84.938,84.938,0
1786386180558,9885.31,die0,3000,3000,0.3,-1,84.938,84.938,0
1786386180658,9985.18,die0,3000,3000,0.3,-1,84.938,84.938,0
1786386180758,9985.18,die0,3000,3000,0.3,-1,84.938,84.938,0
1786386180858,9985.18,die0,3000,3000,0.3,-1,84.938,84.938,0
1786386180958,9985.18,die0,3000,3000,0.3,-1,84.938,84.938,0
1786386181058,9985.18,die0,3000,3000,0.3,-1,84.938,84.938,0
1786386181159,9985.18,die0,3000,3000,0.3,-1,84.938,84.938,0
1786386181263,9985.18,die0,3000,3000,0.3,-1,84.938,84.938,0
1786386181358,9985.18,die0,3000,3000,0.3,-1,84.938,84.938,0
1786386181458,9985.18,die0,3000,3000,0.3,-1,84.938,84.938,0
1786386181564,9985.18,die0,3000,3000,0.3,-1,84.938,84.938,0
1786386181658,10085.1,die0,3000,3000,0.3,-1,84.938,84.938,0
1786386181758,10085.1,die0,3000,3000,0.3,-1,84.938,84.938,0
1786386181858,10085.1,die0,3000,3000,0.3,-1,84.938,84.938,0
1786386181959,10085.1,die0,3000,3000,0.3,-1,84.938,84.938,0
1786386182058,10085.1,die0,3000,3000,0.3,-1,84.938,84.938,0
1786386182158,10085.1,die0,3000,3000,0.3,-1,84.938,84.938,0
1786386182258,10085.1,die0,3000,3000,0.3,-1,84.938,84.938,0
1786386182358,10085.1,die0,3000,3000,0.3,-1,84.938,84.938,0
1786386182458,10085.1,die0,3000,3000,0.3,-1,84.938,84.938,0
1786386182559,10085.1,die0,3000,3000,0.3,-1,84.938,84.938,0
1786386182659,10184.9,die0,3000,3000,0.3,-1,84.938,84.938,0
1786386182758,10184.9,die0,3000,3000,0.3,-1,84.938,84.938,0
1786386182858,10184.9,die0,3000,3000,0.3,-1,84.938,84.938,0
1786386182960,10184.9,die0,3000,3000,0.3,-1,84.938,84.938,0
1786386183058,10184.9,die0,3000,3000,0.3,-1,84.938,84.938,0
1786386183160,10184.9,die0,3000,3000,0.3,-1,84.938,84.938,0
1786386183259,10184.9,die0,3000,3000,0.3,-1,84.938,84.938,0
1786386183358,10184.9,die0,3000,3000,0.3,-1,84.938,84.938,0
1786386183466,10184.9,die0,3000,3000,0.3,-1,84.938,84.938,0
1786386183558,10184.9,die0,3000,3000,0.3,-1,84.938,84.938,0
1786386183658,10284.8,die0,3000,3000,0.3,-1,84.938,84.938,0
1786386183758,10284.8,die0,3000,3000,0.3,-1,84.938,84.938,0
1786386183858,10284.8,die0,3000,3000,0.3,-1,84.938,84.938,0
1786386183958,10284.8,die0,3000,3000,0.3,-1,84.938,84.938,0
1786386184059,10284.8,die0,3000,3000,0.3,-1,84.938,84.938,0
1786386184158,10284.8,die0,3000,3000,0.3,-1,84.938,84.938,0
1786386184258,10284.8,die0,3000,3000,0.3,-1,84.938,84.938,0
1786386184358,10284.8,die0,3000,3000,0.3,-1,84.938,84.938,0
1786386184459,10284.8,die0,3000,3000,0.3,-1,84.938,84.938,0
1786386184558,10284.8,die0,3000,3000,0.3,-1,84.938,84.938,0
1786386184658,10384.7,die0,3000,3000,0.3,-1,84.938,84.938,0
1786386184758,10384.7,die0,3000,3000,0.3,-1,84.938,84.938,0
1786386184858,10384.7,die0,3000,3000,0.3,-1,84.938,84.938,0
1786386184958,10384.7,die0,3000,3000,0.3,-1,84.938,84.938,0
1786386185058,10384.7,die0,3000,3000,0.3,-1,84.938,84.938,0
1786386185158,10384.7,die0,3000,3000,0.3,-1,84.938,84.938,0
1786386185260,10384.7,die0,3000,3000,0.3,-1,84.938,84.938,0
1786386185358,10384.7,die0,3000,3000,0.3,-1,84.938,84.938,0
1786386185458,10384.7,die0,3000,3000,0.3,-1,84.938,84.938,0
1786386185561,10384.7,die0,3000,3000,0.3,-1,84.938,84.938,0
1786386185658,10484.6,die0,3000,3000,0.3,-1,84.938,84.938,0
1786386185759,10484.6,die0,3000,3000,0.3,-1,84.938,84.938,0
1786386185858,10484.6,die0,3000,3000,0.3,-1,84.938,84.938,0
1786386185958,10484.6,die0,3000,3000,0.3,-1,84.938,84.938,0
1786386186058,10484.6,die0,3000,3000,0.3,-1,84.938,84.938,0
1786386186158,10484.6,die0,3000,3000,0.3,-1,84.938,84.938,0
1786386186258,10484.6,die0,3000,3000,0.3,-1,84.938,84.938,0
1786386186358,10484.6,die0,3000,3000,0.3,-1,84.938,84.938,0
1786386186458,10484.6,die0,3000,3000,0.3,-1,84.938,84.938,0
1786386194243,10484.6,die0,3000,3000,0.3,-1,84.938,84.938,0
1786386194344,10584.5,die0,3000,3000,0.3,-1,84.938,84.938,0
1786386194443,10584.5,die0,3000,3000,0.3,-1,84.938,84.938,0
1786386194543,10584.5,die0,3000,3000,0.3,-1,84.938,84.938,0
1786386194643,10584.5,die0,3000,3000,0.3,-1,84.938,84.938,0
1786386194748,10584.5,die0,3000,3000,0.3,-1,84.938,84.938,0
1786386194843,10584.5,die0,3000,3000,0.3,-1,84.938,84.938,0
1786386194943,10584.5,die0,3000,3000,0.3,-1,84.938,84.938,0
1786386195043,10584.5,die0,3000,3000,0.3,-1,84.938,84.938,0
1786386195145,10584.5,die0,3000,3000,0.3,-1,84.938,84.938,0
1786386195243,10584.5,die0,3000,3000,0.3,-1,84.938,84.938,0
1786386195343,10684.3,die0,3000,3000,0.3,-1,84.938,84.938,0
1786386195444,10684.3,die0,3000,3000,0.3,-1,84.938,84.938,0
1786386195543,10684.3,die0,3000,3000,0.3,-1,84.938,84.938,0
1786386195644,10684.3,die0,3000,3000,0.3,-1,84.938,84.938,0
1786386195745,10684.3,die0,3000,3000,0.3,-1,84.938,84.938,0
1786386195843,10684.3,die0,3000,3000,0.3,-1,84.938,84.938,0
1786386195944,10684.3,die0,3000,3000,0.3,-1,84.938,84.938,0
1786386196044,10684.3,die0,3000,3000,0.3,-1,84.938,84.938,0
1786386196146,10684.3,die0,3000,3000,0.3,-1,84.938,84.938,0
1786386196244,10684.3,die0,3000,3000,0.3,-1,84.938,84.938,0
1786386196343,10784.2,die0,3000,3000,0.3,-1,84.938,84.938,0
1786386196443,10784.2,die0,3000,3000,0.3,-1,84.938,84.938,0
1786386196543,10784.2,die0,3000,3000,0.3,-1,84.938,84.938,0
1786386196643,10784.2,die0,3000,3000,0.3,-1,84.938,84.938,0
1786386196744,10784.2,die0,3000,3000,0.3,-1,84.938,84.938,0
1786386196843,10784.2,die0,3000,3000,0.3,-1,84.938,84.938,0
1786386196943,10784.2,die0,3000,3000,0.3,-1,84.938,84.938,0
1786386197043,10784.2,die0,3000,3000,0.3,-1,84.938,84.938,0
1786386197147,10784.2,die0,3000,3000,0.3,-1,84.938,84.938,0
1786386197243,10784.2,die0,3000,3000,0.3,-1,84.938,84.938,0
1786386197343,10884.1,die0,3000,3000,0.3,-1,84.938,84.938,0
1786386197444,10884.1,die0,3000,3000,0.3,-1,84.938,84.938,0
1786386197545,10884.1,die0,3000,3000,0.3,-1,84.938,84.938,0
1786386197645,10884.1,die0,3000,3000,0.3,-1,84.938,84.938,0
1786386197743,10884.1,die0,3000,3000,0.3,-1,84.938,84.938,0
1786386197843,10884.1,die0,3000,3000,0.3,-1,84.938,84.938,0
1786386197943,10884.1,die0,3000,3000,0.3,-1,84.938,84.938,0
1786386198043,10884.1,die0,3000,3000,0.3,-1,84.938,84.938,0
1786386198143,10884.1,die0,3000,3000,0.3,-1,84.938,84.938,0
1786386198244,10884.1,die0,3000,3000,0.3,-1,84.938,84.938,0
1786386198343,10984,die0,3000,3000,0.3,-1,84.938,84.938,0
1786386198444,10984,die0,3000,3000,0.3,-1,84.938,84.938,0
1786386198543,10984,die0,3000,3000,0.3,-1,84.938,84.938,0
1786386198645,10984,die0,3000,3000,0.3,-1,84.938,84.938,0
1786386198743,10984,die0,3000,3000,0.3,-1,84.938,84.938,0
1786386198843,10984,die0,3000,3000,0.3,-1,84.938,84.938,0
1786386198943,10984,die0,3000,3000,0.3,-1,84.938,84.938,0
1786386199044,10984,die0,3000,3000,0.3,-1,84.938,84.938,0
1786386199151,10984,die0,3000,3000,0.3,-1,84.938,84.938,0
1786386199243,10984,die0,3000,3000,0.3,-1,84.938,84.938,0
1786386199343,11083.9,die0,3000,3000,0.3,-1,84.938,84.938,0
1786386199444,11083.9,die0,3000,3000,0.3,-1,84.938,84.938,0
1786386199547,11083.9,die0,3000,3000,0.3,-1,84.938,84.938,0
1786386199643,11083.9,die0,3000,3000,0.3,-1,84.938,84.938,0
1786386199743,11083.9,die0,3000,3000,0.3,-1,84.938,84.938,0
1786386199843,11083.9,die0,3000,3000,0.3,-1,84.938,84.938,0
1786386199944,11083.9,die0,3000,3000,0.3,-1,84.938,84.938,0
1786386200043,11083.9,die0,3000,3000,0.3,-1,84.938,84.938,0
1786386200143,11083.9,die0,3000,3000,0.3,-1,84.938,84.938,0
1786386200243,11083.9,die0,3000,3000,0.3,-1,84.938,84.938,0
1786386200343,11183.7,die0,3000,3000,0.3,-1,84.938,84.938,0
1786386200443,11183.7,die0,3000,3000,0.3,-1,84.938,84.938,0
1786386200544,11183.7,die0,3000,3000,0.3,-1,84.938,84.938,0
1786386200644,11183.7,die0,3000,3000,0.3,-1,84.938,84.938,0
1786386200744,11183.7,die0,3000,3000,0.3,-1,84.938,84.938,0
1786386200844,11183.7,die0,3000,3000,0.3,-1,84.938,84.938,0
1786386200944,11183.7,die0,3000,3000,0.3,-1,84.938,84.938,0
1786386201044,11183.7,die0,3000,3000,0.3,-1,84.938,84.938,0
1786386201144,11183.7,die0,3000,3000,0.3,-1,84.938,84.938,0
1786386201246,11183.7,die0,3000,3000,0.3,-1,84.938,84.938,0
1786386201349,11283.6,die0,3000,3000,0.3,-1,84.938,84.938,0
1786386201443,11283.6,die0,3000,3000,0.3,-1,84.938,84.938,0
1786386201544,11283.6,die0,3000,3000,0.3,-1,84.938,84.938,0
1786386201645,11283.6,die0,3000,3000,0.3,-1,84.938,84.938,0
1786386201743,11283.6,die0,3000,3000,0.3,-1,84.938,84.938,0
1786386201843,11283.6,die0,3000,3000,0.3,-1,84.938,84.938,0
1786386201944,11283.6,die0,3000,3000,0.3,-1,84.938,84.938,0
1786386202043,11283.6,die0,3000,3000,0.3,-1,84.938,84.938,0
1786386202144,11283.6,die0,3000,3000,0.3,-1,84.938,84.938,0
1786386202243,11283.6,die0,3000,3000,0.3,-1,84.938,84.938,0
1786386202344,11383.5,die0,3000,3000,0.3,-1,84.938,84.938,0
1786386202443,11383.5,die0,3000,3000,0.3,-1,84.938,84.938,0
1786386202544,11383.5,die0,3000,3000,0.3,-1,84.938,84.938,0
1786386202644,11383.5,die0,3000,3000,0.3,-1,84.938,84.938,0
1786386202743,11383.5,die0,3000,3000,0.3,-1,84.938,84.938,0
1786386202843,11383.5,die0,3000,3000,0.3,-1,84.938,84.938,0
1786386202943,11383.5,die0,3000,3000,0.3,-1,84.938,84.938,0
1786386203043,11383.5,die0,3000,3000,0.3,-1,84.938,84.938,0
1786386203144,11383.5,die0,3000,3000,0.3,-1,84.938,84.938,0
1786386203244,11383.5,die0,3000,3000,0.3,-1,84.938,84.938,0
1786386203343,11483.4,die0,3000,3000,0.3,-1,84.938,84.938,0
1786386203444,11483.4,die0,3000,3000,0.3,-1,84.938,84.938,0
1786386203543,11483.4,die0,3000,3000,0.3,-1,84.938,84.938,0
1786386203652,11483.4,die0,3000,3000,0.3,-1,84.938,84.938,0
1786386203743,11483.4,die0,3000,3000,0.3,-1,84.938,84.938,0
1786386203843,11483.4,die0,3000,3000,0.3,-1,84.938,84.938,0
1786386203944,11483.4,die0,3000,3000,0.3,-1,84.938,84.938,0
1786386204043,11483.4,die0,3000,3000,0.3,-1,84.938,84.938,0
1786386204144,11483.4,die0,3000,3000,0.3,-1,84.938,84.938,0
1786386204245,11483.4,die0,3000,3000,0.3,-1,84.938,84.938,0
1786386204343,11583.3,die0,3000,3000,0.3,-1,84.938,84.938,0
1786386204443,11583.3,die0,3000,3000,0.3,-1,84.938,84.938,0
1786386204543,11583.3,die0,3000,3000,0.3,-1,84.938,84.938,0
1786386204643,11583.3,die0,3000,3000,0.3,-1,84.938,84.938,0
1786386204743,11583.3,die0,3000,3000,0.3,-1,84.938,84.938,0
1786386204843,11583.3,die0,3000,3000,0.3,-1,84.938,84.938,0
1786386204943,11583.3,die0,3000,3000,0.3,-1,84.938,84.938,0
1786386205044,11583.3,die0,3000,3000,0.3,-1,84.938,84.938,0
1786386205143,11583.3,die0,3000,3000,0.3,-1,84.938,84.938,0
1786386205243,11583.3,die0,3000,3000,0.3,-1,84.938,84.938,0
1786386205343,11683.1,die0,3000,3000,0.3,-1,84.938,84.938,0
1786386205444,11683.1,die0,3000,3000,0.3,-1,84.938,84.938,0
1786386205543,11683.1,die0,3000,3000,0.3,-1,84.938,84.938,0
1786386205644,11683.1,die0,3000,3000,0.3,-1,84.938,84.938,0
1786386205752,11683.1,die0,3000,3000,0.3,-1,84.938,84.938,0
1786386205843,11683.1,die0,3000,3000,0.3,-1,84.938,84.938,0
1786386205946,11683.1,die0,3000,3000,0.3,-1,84.938,84.938,0
1786386206043,11683.1,die0,3000,3000,0.3,-1,84.938,84.938,0
1786386206152,11683.1,die0,3000,3000,0.3,-1,84.938,84.938,0
1786386206245,11683.1,die0,3000,3000,0.3,-1,84.938,84.938,0
1786386206343,11783,die0,3000,3000,0.3,-1,84.938,84.938,0
1786386206444,11783,die0,3000,3000,0.3,-1,84.938,84.938,0
1786386206543,11783,die0,3000,3000,0.3,-1,84.938,84.938,0
1786386206643,11783,die0,3000,3000,0.3,-1,84.938,84.938,0
1786386206743,11783,die0,3000,3000,0.3,-1,84.938,84.938,0
1786386206843,11783,die0,3000,3000,0.3,-1,84.938,84.938,0
1786386206943,11783,die0,3000,3000,0.3,-1,84.938,84.938,0
1786386207043,11783,die0,3000,3000,0.3,-1,84.938,84.938,0
1786386207143,11783,die0,3000,3000,0.3,-1,84.938,84.938,0
1786386207244,11783,die0,3000,3000,0.3,-1,84.938,84.938,0
1786386207343,11882.9,die0,3000,3000,0.3,-1,84.938,84.938,0
1786386207444,11882.9,die0,3000,3000,0.3,-1,84.938,84.938,0
1786386207543,11882.9,die0,3000,3000,0.3,-1,84.938,84.938,0
1786386207644,11882.9,die0,3000,3000,0.3,-1,84.938,84.938,0
1786386207743,11882.9,die0,3000,3000,0.3,-1,84.938,84.938,0
1786386207843,11882.9,die0,3000,3000,0.3,-1,84.938,84.938,0
1786386207948,11882.9,die0,3000,3000,0.3,-1,84.938,84.938,0
1786386208043,11882.9,die0,3000,3000,0.3,-1,84.938,84.938,0
1786386208143,11882.9,die0,3000,3000,0.3,-1,84.938,84.938,0
1786386208243,11882.9,die0,3000,3000,0.3,-1,84.938,84.938,0
1786386208352,11982.8,die0,3000,3000,0.3,-1,84.938,84.938,0
1786386208443,11982.8,die0,3000,3000,0.3,-1,84.938,84.938,0
1786386208543,11982.8,die0,3000,3000,0.3,-1,84.938,84.938,0
1786386208643,11982.8,die0,3000,3000,0.3,-1,84.938,84.938,0
1786386208752,11982.8,die0,3000,3000,0.3,-1,84.938,84.938,0
1786386208843,11982.8,die0,3000,3000,0.3,-1,84.938,84.938,0
1786386208943,11982.8,die0,3000,3000,0.3,-1,84.938,84.938,0
1786386209044,11982.8,die0,3000,3000,0.3,-1,84.938,84.938,0
1786386209144,11982.8,die0,3000,3000,0.3,-1,84.938,84.938,0
1786386209244,11982.8,die0,3000,3000,0.3,-1,84.938,84.938,0
1786386209343,12082.7,die0,3000,3000,0.3,-1,84.938,84.938,0
1786386209443,12082.7,die0,3000,3000,0.3,-1,84.938,84.938,0
1786386209543,12082.7,die0,3000,3000,0.3,-1,84.938,84.938,0
1786386209643,12082.7,die0,3000,3000,0.3,-1,84.938,84.938,0
1786386209744,12082.7,die0,3000,3000,0.3,-1,84.938,84.938,0
1786386209843,12082.7,die0,3000,3000,0.3,-1,84.938,84.938,0
1786386209945,12082.7,die0,3000,3000,0.3,-1,84.938,84.938,0
1786386210043,12082.7,die0,3000,3000,0.3,-1,84.938,84.938,0
1786386210143,12082.7,die0,3000,3000,0.3,-1,84.938,84.938,0
1786386210243,12082.7,die0,3000,3000,0.3,-1,84.938,84.938,0
1786386210349,12182.5,die0,3000,3000,0.3,-1,84.938,84.938,0
1786386210443,12182.5,die0,3000,3000,0.3,-1,84.938,84.938,0
1786386210543,12182.5,die0,3000,3000,0.3,-1,84.938,84.938,0
1786386210643,12182.5,die0,3000,3000,0.3,-1,84.938,84.938,0
1786386210744,12182.5,die0,3000,3000,0.3,-1,84.938,84.938,0
1786386210843,12182.5,die0,3000,3000,0.3,-1,84.938,84.938,0
1786386210943,12182.5,die0,3000,3000,0.3,-1,84.938,84.938,0
1786386211043,12182.5,die0,3000,3000,0.3,-1,84.938,84.938,0
1786386211143,12182.5,die0,3000,3000,0.3,-1,84.938,84.938,0
1786386211245,12182.5,die0,3000,3000,0.3,-1,84.938,84.938,0
1786386211343,12282.4,die0,3000,3000,0.3,-1,84.938,84.938,0
1786386211444,12282.4,die0,3000,3000,0.3,-1,84.938,84.938,0
1786386211546,12282.4,die0,3000,3000,0.3,-1,84.938,84.938,0
1786386211644,12282.4,die0,3000,3000,0.3,-1,84.938,84.938,0
1786386211744,12282.4,die0,3000,3000,0.3,-1,84.938,84.938,0
1786386211844,12282.4,die0,3000,3000,0.3,-1,84.938,84.938,0
1786386211943,12282.4,die0,3000,3000,0.3,-1,84.938,84.938,0
1786386212043,12282.4,die0,3000,3000,0.3,-1,84.938,84.938,0
1786386212144,12282.4,die0,3000,3000,0.3,-1,84.938,84.938,0
1786386212243,12282.4,die0,3000,3000,0.3,-1,84.938,84.938,0
1786386212345,12382.3,die0,3000,3000,0.3,-1,84.938,84.938,0
1786386212443,12382.3,die0,3000,3000,0.3,-1,84.938,84.938,0
1786386212543,12382.3,die0,3000,3000,0.3,-1,84.938,84.938,0
1786386212649,12382.3,die0,3000,3000,0.3,-1,84.938,84.938,0
1786386212749,12382.3,die0,3000,3000,0.3,-1,84.938,84.938,0
1786386212843,12382.3,die0,3000,3000,0.3,-1,84.938,84.938,0
1786386212943,12382.3,die0,3000,3000,0.3,-1,84.938,84.938,0
1786386213045,12382.3,die0,3000,3000,0.3,-1,84.938,84.938,0
1786386213143,12382.3,die0,3000,3000,0.3,-1,84.938,84.938,0
1786386213244,12382.3,die0,3000,3000,0.3,-1,84.938,84.938,0
1786386213343,12482.2,die0,3000,3000,0.3,-1,84.938,84.938,0
1786386213443,12482.2,die0,3000,3000,0.3,-1,84.938,84.938,0
1786386213544,12482.2,die0,3000,3000,0.3,-1,84.938,84.938,0
1786386213643,12482.2,die0,3000,3000,0.3,-1,84.938,84.938,0
1786386213743,12482.2,die0,3000,3000,0.3,-1,84.938,84.938,0
1786386213843,12482.2,die0,3000,3000,0.3,-1,84.938,84.938,0
1786386213943,12482.2,die0,3000,3000,0.3,-1,84.938,84.938,0
1786386214043,12482.2,die0,3000,3000,0.3,-1,84.938,84.938,0
1786386214144,12482.2,die0,3000,3000,0.3,-1,84.938,84.938,0
1786386214243,12482.2,die0,3000,3000,0.3,-1,84.938,84.938,0
1786386214344,12582.1,die0,3000,3000,0.3,-1,84.938,84.938,0
1786386214443,12582.1,die0,3000,3000,0.3,-1,84.938,84.938,0
1786386214543,12582.1,die0,3000,3000,0.3,-1,84.938,84.938,0
1786386214644,12582.1,die0,3000,3000,0.3,-1,84.938,84.938,0
1786386214743,12582.1,die0,3000,3000,0.3,-1,84.938,84.938,0
1786386214845,12582.1,die0,3000,3000,0.3,-1,84.938,84.938,0
1786386214948,12582.1,die0,3000,3000,0.3,-1,84.938,84.938,0
1786386215052,12582.1,die0,3000,3000,0.3,-1,84.938,84.938,0
1786386215143,12582.1,die0,3000,3000,0.3,-1,84.938,84.938,0
1786386215243